// Jest Snapshot v1, https://goo.gl/fbAQLP

exports[`Header Component Should render the header text correctly 1`] = `
Array [
  <div
    class="item-b"
    data-testid="img"
  >
    <a
      class="linker"
      href="/view/results"
    >
      View Results
    </a>
     
    <br />
    <a
      class="linker"
      href="/admin/add/questions"
    >
      Add Questions
    </a>
     
    <br />
    <a
      class="linker"
      href="/delete"
    >
      Delete Questions
    </a>
     
    <br />
  </div>,
]
`;

exports[`Nav Component Should render the Nav text correctly 1`] = `
Array [
  <div
    class="item-b"
    data-testid="img"
  >
    <a
      class="linker"
      href="/view/results"
    >
      View Results
    </a>
     
    <br />
    <a
      class="linker"
      href="/admin/add/questions"
    >
      Add Questions
    </a>
     
    <br />
    <a
      class="linker"
      href="/delete"
    >
      Delete Questions
    </a>
     
    <br />
  </div>,
]
`;
